ARM Linker, 4.1 [Build 481] [Standard]

==============================================================================

Section Cross References

    startup_stm32f10x_hd.o(RESET) refers to startup_stm32f10x_hd.o(STACK) for __initial_sp
    startup_stm32f10x_hd.o(RESET) refers to startup_stm32f10x_hd.o(.text) for Reset_Handler
    startup_stm32f10x_hd.o(RESET) refers to stm32f10x_it.o(.text) for NMI_Handler
    startup_stm32f10x_hd.o(.text) refers to system_stm32f10x.o(.text) for SystemInit
    startup_stm32f10x_hd.o(.text) refers to entry.o(.ARM.Collect$$$$00000000) for __main
    system_stm32f10x.o(.text) refers to system_stm32f10x.o(.data) for SystemCoreClock
    main.o(.text) refers to systemclock.o(.text) for RCC_Configuration
    main.o(.text) refers to lcd.o(.text) for STM3210E_LCD_Init
    main.o(.text) refers to touchscreen_ads7843.o(.text) for ADS7843_Init
    main.o(.text) refers to systick.o(.text) for Delay
    main.o(.text) refers to stm32f10x_gpio.o(.text) for GPIO_SetBits
    main.o(.text) refers to dfixi.o(.text) for __aeabi_d2iz
    main.o(.text) refers to dadd.o(.text) for __aeabi_dsub
    main.o(.text) refers to cdcmple.o(.text) for __aeabi_cdcmpeq
    main.o(.text) refers to rand.o(.text) for srand
    main.o(.text) refers to touchscreen_ads7843.o(.bss) for touchPoint
    main.o(.text) refers to main.o(.data) for touch_x
    stm32f10x_it.o(.text) refers to systick.o(.text) for Systick_IRQ
    stm32f10x_it.o(.text) refers to stm32f10x_exti.o(.text) for EXTI_GetITStatus
    stm32f10x_it.o(.text) refers to touchscreen_ads7843.o(.text) for TouchScreen_ADS7843
    touchscreen_ads7843.o(.text) refers to stm32f10x_rcc.o(.text) for RCC_APB2PeriphClockCmd
    touchscreen_ads7843.o(.text) refers to stm32f10x_gpio.o(.text) for GPIO_Init
    touchscreen_ads7843.o(.text) refers to stm32f10x_exti.o(.text) for EXTI_Init
    touchscreen_ads7843.o(.text) refers to misc.o(.text) for NVIC_SetVectorTable
    touchscreen_ads7843.o(.text) refers to touchscreen_ads7843.o(.bss) for touchPoint
    stm32f10x_rcc.o(.text) refers to stm32f10x_rcc.o(.data) for APBAHBPrescTable
    stm32f10x_gpio.o(.text) refers to stm32f10x_rcc.o(.text) for RCC_APB2PeriphResetCmd
    stm32f10x_spi.o(.text) refers to stm32f10x_rcc.o(.text) for RCC_APB2PeriphResetCmd
    systemclock.o(.text) refers to stm32f10x_rcc.o(.text) for RCC_DeInit
    systemclock.o(.text) refers to stm32f10x_flash.o(.text) for FLASH_PrefetchBufferCmd
    nvic.o(.text) refers to misc.o(.text) for NVIC_SetVectorTable
    systick.o(.text) refers to misc.o(.text) for SysTick_CLKSourceConfig
    systick.o(.text) refers to systick.o(.data) for TimingDelay
    lcd.o(.text) refers to stm32f10x_fsmc.o(.text) for FSMC_NORSRAMInit
    lcd.o(.text) refers to stm32f10x_rcc.o(.text) for RCC_AHBPeriphClockCmd
    lcd.o(.text) refers to stm32f10x_gpio.o(.text) for GPIO_Init
    lcd.o(.text) refers to systick.o(.text) for Delay
    lcd.o(.text) refers to lcd.o(.data) for DeviceCode
    lcd.o(.text) refers to lcd.o(.constdata) for ASCII_Table
    lcd.o(.text) refers to bmp.o(.constdata) for gImage_22
    entry.o(.ARM.Collect$$$$00000000) refers (Special) to entry7.o(.ARM.Collect$$$$00000007) for _main_init
    entry.o(.ARM.Collect$$$$00000000) refers (Special) to entry5.o(.ARM.Collect$$$$00000004) for _main_scatterload
    entry.o(.ARM.Collect$$$$00000000) refers (Special) to entry2.o(.ARM.Collect$$$$00000001) for _main_stk
    rand.o(.text) refers to rand.o(.data) for .data
    dadd.o(.text) refers (Special) to iusefp.o(.text) for __I$use$fp
    dadd.o(.text) refers to llshl.o(.text) for __aeabi_llsl
    dadd.o(.text) refers to llsshr.o(.text) for __aeabi_lasr
    dadd.o(.text) refers to depilogue.o(.text) for _double_epilogue
    dfixi.o(.text) refers (Special) to iusefp.o(.text) for __I$use$fp
    dfixi.o(.text) refers to llushr.o(.text) for __aeabi_llsr
    cdcmple.o(.text) refers (Special) to iusefp.o(.text) for __I$use$fp
    entry2.o(.ARM.Collect$$$$00000001) refers to entry2.o(.ARM.Collect$$$$00002712) for __lit__00000000
    entry2.o(.ARM.Collect$$$$00002712) refers to startup_stm32f10x_hd.o(STACK) for __initial_sp
    entry2.o(__vectab_stack_and_reset_area) refers to startup_stm32f10x_hd.o(STACK) for __initial_sp
    entry2.o(__vectab_stack_and_reset_area) refers to entry.o(.ARM.Collect$$$$00000000) for __main
    entry5.o(.ARM.Collect$$$$00000004) refers to init.o(.text) for __scatterload
    entry7.o(.ARM.Collect$$$$00000007) refers to main.o(.text) for main
    depilogue.o(.text) refers to llshl.o(.text) for __aeabi_llsl
    depilogue.o(.text) refers to llushr.o(.text) for __aeabi_llsr
    init.o(.text) refers to entry5.o(.ARM.Collect$$$$00000004) for __main_after_scatterload


==============================================================================

Removing Unused input sections from the image.

    Removing startup_stm32f10x_hd.o(HEAP), (512 bytes).
    Removing core_cm3.o(.emb_text), (32 bytes).
    Removing stm32f10x_dma.o(.text), (584 bytes).
    Removing stm32f10x_spi.o(.text), (784 bytes).
    Removing nvic.o(.text), (14 bytes).

5 unused section(s) (total 1926 bytes) removed from the image.

==============================================================================

Image Symbol Table

    Local Symbols

    Symbol Name                              Value     Ov Type        Size  Object(Section)

    ../../../cmprslib/lz77c.c                0x00000000   Number         0  __dclz77c.o ABSOLUTE
    ../../microlib/fpadd.c                   0x00000000   Number         0  dadd.o ABSOLUTE
    ../../microlib/fpepilogue.c              0x00000000   Number         0  depilogue.o ABSOLUTE
    ../../microlib/fpfix.c                   0x00000000   Number         0  dfixi.o ABSOLUTE
    ../../microlib/init/entry.s              0x00000000   Number         0  entry5.o ABSOLUTE
    ../../microlib/init/entry.s              0x00000000   Number         0  entry7.o ABSOLUTE
    ../../microlib/init/entry.s              0x00000000   Number         0  entry.o ABSOLUTE
    ../../microlib/init/entry.s              0x00000000   Number         0  entry2.o ABSOLUTE
    ../../microlib/longlong.c                0x00000000   Number         0  llushr.o ABSOLUTE
    ../../microlib/longlong.c                0x00000000   Number         0  llshl.o ABSOLUTE
    ../../microlib/longlong.c                0x00000000   Number         0  llsshr.o ABSOLUTE
    ../../microlib/stdlib/rand.c             0x00000000   Number         0  rand.o ABSOLUTE
    ../../microlib/stubs.s                   0x00000000   Number         0  iusefp.o ABSOLUTE
    ..\BaseDrive\Nvic.c                      0x00000000   Number         0  nvic.o ABSOLUTE
    ..\BaseDrive\SystemClock.c               0x00000000   Number         0  systemclock.o ABSOLUTE
    ..\BaseDrive\Systick.c                   0x00000000   Number         0  systick.o ABSOLUTE
    ..\ExternalDrive\Lcd\bmp.c               0x00000000   Number         0  bmp.o ABSOLUTE
    ..\ExternalDrive\Lcd\lcd.c               0x00000000   Number         0  lcd.o ABSOLUTE
    ..\Libraries\CMSIS\CM3\CoreSupport\core_cm3.c 0x00000000   Number         0  core_cm3.o ABSOLUTE
    ..\Libraries\CMSIS\CM3\DeviceSupport\ST\STM32F10x\startup\arm\startup_stm32f10x_hd.s 0x00000000   Number         0  startup_stm32f10x_hd.o ABSOLUTE
    ..\Libraries\CMSIS\CM3\DeviceSupport\ST\STM32F10x\system_stm32f10x.c 0x00000000   Number         0  system_stm32f10x.o ABSOLUTE
    ..\Libraries\STM32F10x_StdPeriph_Driver\src\misc.c 0x00000000   Number         0  misc.o ABSOLUTE
    ..\Libraries\STM32F10x_StdPeriph_Driver\src\stm32f10x_dma.c 0x00000000   Number         0  stm32f10x_dma.o ABSOLUTE
    ..\Libraries\STM32F10x_StdPeriph_Driver\src\stm32f10x_exti.c 0x00000000   Number         0  stm32f10x_exti.o ABSOLUTE
    ..\Libraries\STM32F10x_StdPeriph_Driver\src\stm32f10x_flash.c 0x00000000   Number         0  stm32f10x_flash.o ABSOLUTE
    ..\Libraries\STM32F10x_StdPeriph_Driver\src\stm32f10x_fsmc.c 0x00000000   Number         0  stm32f10x_fsmc.o ABSOLUTE
    ..\Libraries\STM32F10x_StdPeriph_Driver\src\stm32f10x_gpio.c 0x00000000   Number         0  stm32f10x_gpio.o ABSOLUTE
    ..\Libraries\STM32F10x_StdPeriph_Driver\src\stm32f10x_rcc.c 0x00000000   Number         0  stm32f10x_rcc.o ABSOLUTE
    ..\Libraries\STM32F10x_StdPeriph_Driver\src\stm32f10x_spi.c 0x00000000   Number         0  stm32f10x_spi.o ABSOLUTE
    ..\User\TouchScreen_ADS7843.c            0x00000000   Number         0  touchscreen_ads7843.o ABSOLUTE
    ..\User\main.c                           0x00000000   Number         0  main.o ABSOLUTE
    ..\User\stm32f10x_it.c                   0x00000000   Number         0  stm32f10x_it.o ABSOLUTE
    ..\\Libraries\\CMSIS\\CM3\\CoreSupport\\core_cm3.c 0x00000000   Number         0  core_cm3.o ABSOLUTE
    cdcmple.s                                0x00000000   Number         0  cdcmple.o ABSOLUTE
    dc.s                                     0x00000000   Number         0  dc.o ABSOLUTE
    handlers.s                               0x00000000   Number         0  handlers.o ABSOLUTE
    init.s                                   0x00000000   Number         0  init.o ABSOLUTE
    RESET                                    0x08000000   Section      304  startup_stm32f10x_hd.o(RESET)
    .ARM.Collect$$$$00000000                 0x08000130   Section        0  entry.o(.ARM.Collect$$$$00000000)
    .ARM.Collect$$$$00000001                 0x08000130   Section        4  entry2.o(.ARM.Collect$$$$00000001)
    .ARM.Collect$$$$00000004                 0x08000134   Section        4  entry5.o(.ARM.Collect$$$$00000004)
    .ARM.Collect$$$$00000007                 0x08000138   Section        8  entry7.o(.ARM.Collect$$$$00000007)
    .ARM.Collect$$$$00002712                 0x08000140   Section        4  entry2.o(.ARM.Collect$$$$00002712)
    __lit__00000000                          0x08000140   Data           4  entry2.o(.ARM.Collect$$$$00002712)
    .text                                    0x08000144   Section       36  startup_stm32f10x_hd.o(.text)
    .text                                    0x08000168   Section        0  system_stm32f10x.o(.text)
    SetSysClockTo72                          0x08000169   Thumb Code   192  system_stm32f10x.o(.text)
    SetSysClock                              0x08000229   Thumb Code     8  system_stm32f10x.o(.text)
    .text                                    0x08000330   Section        0  main.o(.text)
    .text                                    0x080005a0   Section        0  stm32f10x_it.o(.text)
    .text                                    0x0800064c   Section        0  touchscreen_ads7843.o(.text)
    ADS7843_INT_config                       0x08000675   Thumb Code    32  touchscreen_ads7843.o(.text)
    ADS7843_INT_EXIT_Init                    0x08000695   Thumb Code    40  touchscreen_ads7843.o(.text)
    ADS7843_InterruptConfig                  0x080006bd   Thumb Code    50  touchscreen_ads7843.o(.text)
    ADS7843_SPI_Start                        0x080007c9   Thumb Code    40  touchscreen_ads7843.o(.text)
    SPI_MOSI                                 0x080007f1   Thumb Code    30  touchscreen_ads7843.o(.text)
    ADS7843_WrCmd                            0x0800080f   Thumb Code    56  touchscreen_ads7843.o(.text)
    ADS7843_Read                             0x08000847   Thumb Code   112  touchscreen_ads7843.o(.text)
    ADS7843_Rd_Addata                        0x080008b7   Thumb Code   228  touchscreen_ads7843.o(.text)
    .text                                    0x08000a04   Section        0  misc.o(.text)
    .text                                    0x08000afc   Section        0  stm32f10x_rcc.o(.text)
    .text                                    0x08000ea0   Section        0  stm32f10x_gpio.o(.text)
    .text                                    0x080011f8   Section        0  stm32f10x_fsmc.o(.text)
    .text                                    0x08001810   Section        0  stm32f10x_flash.o(.text)
    .text                                    0x08001dd8   Section        0  stm32f10x_exti.o(.text)
    .text                                    0x08001f14   Section        0  systemclock.o(.text)
    .text                                    0x08001f80   Section        0  systick.o(.text)
    .text                                    0x08002004   Section        0  lcd.o(.text)
    .text                                    0x08002fec   Section        0  rand.o(.text)
    .text                                    0x08003010   Section        0  dadd.o(.text)
    .text                                    0x0800315a   Section        0  dfixi.o(.text)
    .text                                    0x08003198   Section       40  cdcmple.o(.text)
    .text                                    0x080031c0   Section        0  llshl.o(.text)
    .text                                    0x080031de   Section        0  llushr.o(.text)
    .text                                    0x080031fe   Section        0  llsshr.o(.text)
    .text                                    0x08003222   Section        0  iusefp.o(.text)
    .text                                    0x08003222   Section        0  depilogue.o(.text)
    .text                                    0x080032e4   Section       36  init.o(.text)
    .text                                    0x08003308   Section        0  __dclz77c.o(.text)
    i.__scatterload_copy                     0x08003368   Section       14  handlers.o(i.__scatterload_copy)
    i.__scatterload_null                     0x08003376   Section        2  handlers.o(i.__scatterload_null)
    i.__scatterload_zeroinit                 0x08003378   Section       14  handlers.o(i.__scatterload_zeroinit)
    .constdata                               0x08003386   Section     4080  lcd.o(.constdata)
    .constdata                               0x08004376   Section    19032  bmp.o(.constdata)
    .data                                    0x20000000   Section       20  system_stm32f10x.o(.data)
    .data                                    0x20000018   Section       56  main.o(.data)
    .data                                    0x20000050   Section       20  stm32f10x_rcc.o(.data)
    APBAHBPrescTable                         0x20000050   Data          16  stm32f10x_rcc.o(.data)
    ADCPrescTable                            0x20000060   Data           4  stm32f10x_rcc.o(.data)
    .data                                    0x20000064   Section        4  systick.o(.data)
    TimingDelay                              0x20000064   Data           4  systick.o(.data)
    .data                                    0x20000068   Section     1702  lcd.o(.data)
    TextColor                                0x20000708   Data           2  lcd.o(.data)
    BackColor                                0x2000070a   Data           2  lcd.o(.data)
    .data                                    0x20000710   Section        4  rand.o(.data)
    _rand_state                              0x20000710   Data           4  rand.o(.data)
    .bss                                     0x20000714   Section       12  touchscreen_ads7843.o(.bss)
    STACK                                    0x20000720   Section     1024  startup_stm32f10x_hd.o(STACK)

    Global Symbols

    Symbol Name                              Value     Ov Type        Size  Object(Section)

    BuildAttributes$$THM_ISAv4$P$D$K$B$S$PE$A:L22UL41UL21$X:L11$S22US41US21$IEEE1$IW$USESV6$~STKCKD$USESV7$~SHL$OSPACE$ROPI$EBA8$MICROLIB$REQ8$PRES8$EABIv2 0x00000000   Number         0  anon$$obj.o ABSOLUTE
    __ARM_use_no_argv                        0x00000000   Number         0  main.o ABSOLUTE
    __Vectors_Size                           0x00000130   Number         0  startup_stm32f10x_hd.o ABSOLUTE
    __Vectors                                0x08000000   Data           4  startup_stm32f10x_hd.o(RESET)
    __Vectors_End                            0x08000130   Data           0  startup_stm32f10x_hd.o(RESET)
    __main                                   0x08000131   Thumb Code     0  entry.o(.ARM.Collect$$$$00000000)
    _main_stk                                0x08000131   Thumb Code     0  entry2.o(.ARM.Collect$$$$00000001)
    _main_scatterload                        0x08000135   Thumb Code     0  entry5.o(.ARM.Collect$$$$00000004)
    __main_after_scatterload                 0x08000139   Thumb Code     0  entry5.o(.ARM.Collect$$$$00000004)
    _main_init                               0x08000139   Thumb Code     0  entry7.o(.ARM.Collect$$$$00000007)
    Reset_Handler                            0x08000145   Thumb Code     8  startup_stm32f10x_hd.o(.text)
    CAN1_RX1_IRQHandler                      0x0800015f   Thumb Code     0  startup_stm32f10x_hd.o(.text)
    CAN1_SCE_IRQHandler                      0x0800015f   Thumb Code     0  startup_stm32f10x_hd.o(.text)
    USB_HP_CAN1_TX_IRQHandler                0x0800015f   Thumb Code     0  startup_stm32f10x_hd.o(.text)
    USB_LP_CAN1_RX0_IRQHandler               0x0800015f   Thumb Code     0  startup_stm32f10x_hd.o(.text)
    SystemInit                               0x08000231   Thumb Code    78  system_stm32f10x.o(.text)
    SystemCoreClockUpdate                    0x0800027f   Thumb Code   142  system_stm32f10x.o(.text)
    main                                     0x08000331   Thumb Code   564  main.o(.text)
    NMI_Handler                              0x080005a1   Thumb Code     2  stm32f10x_it.o(.text)
    HardFault_Handler                        0x080005a3   Thumb Code     4  stm32f10x_it.o(.text)
    MemManage_Handler                        0x080005a7   Thumb Code     4  stm32f10x_it.o(.text)
    BusFault_Handler                         0x080005ab   Thumb Code     4  stm32f10x_it.o(.text)
    UsageFault_Handler                       0x080005af   Thumb Code     4  stm32f10x_it.o(.text)
    SVC_Handler                              0x080005b3   Thumb Code     2  stm32f10x_it.o(.text)
    DebugMon_Handler                         0x080005b5   Thumb Code     2  stm32f10x_it.o(.text)
    PendSV_Handler                           0x080005b7   Thumb Code     2  stm32f10x_it.o(.text)
    SysTick_Handler                          0x080005b9   Thumb Code     8  stm32f10x_it.o(.text)
    WWDG_IRQHandler                          0x080005c1   Thumb Code     2  stm32f10x_it.o(.text)
    PVD_IRQHandler                           0x080005c3   Thumb Code     2  stm32f10x_it.o(.text)
    TAMPER_IRQHandler                        0x080005c5   Thumb Code     2  stm32f10x_it.o(.text)
    RTC_IRQHandler                           0x080005c7   Thumb Code     2  stm32f10x_it.o(.text)
    FLASH_IRQHandler                         0x080005c9   Thumb Code     2  stm32f10x_it.o(.text)
    RCC_IRQHandler                           0x080005cb   Thumb Code     2  stm32f10x_it.o(.text)
    EXTI0_IRQHandler                         0x080005cd   Thumb Code     2  stm32f10x_it.o(.text)
    EXTI1_IRQHandler                         0x080005cf   Thumb Code     2  stm32f10x_it.o(.text)
    EXTI2_IRQHandler                         0x080005d1   Thumb Code     2  stm32f10x_it.o(.text)
    EXTI3_IRQHandler                         0x080005d3   Thumb Code     2  stm32f10x_it.o(.text)
    EXTI4_IRQHandler                         0x080005d5   Thumb Code     2  stm32f10x_it.o(.text)
    DMA1_Channel1_IRQHandler                 0x080005d7   Thumb Code     2  stm32f10x_it.o(.text)
    DMA1_Channel2_IRQHandler                 0x080005d9   Thumb Code     2  stm32f10x_it.o(.text)
    DMA1_Channel3_IRQHandler                 0x080005db   Thumb Code     2  stm32f10x_it.o(.text)
    DMA1_Channel4_IRQHandler                 0x080005dd   Thumb Code     2  stm32f10x_it.o(.text)
    DMA1_Channel5_IRQHandler                 0x080005df   Thumb Code     2  stm32f10x_it.o(.text)
    DMA1_Channel6_IRQHandler                 0x080005e1   Thumb Code     2  stm32f10x_it.o(.text)
    DMA1_Channel7_IRQHandler                 0x080005e3   Thumb Code     2  stm32f10x_it.o(.text)
    ADC1_2_IRQHandler                        0x080005e5   Thumb Code     2  stm32f10x_it.o(.text)
    USB_HP_CAN_TX_IRQHandler                 0x080005e7   Thumb Code     2  stm32f10x_it.o(.text)
    USB_LP_CAN_RX0_IRQHandler                0x080005e9   Thumb Code     2  stm32f10x_it.o(.text)
    CAN_RX1_IRQHandler                       0x080005eb   Thumb Code     2  stm32f10x_it.o(.text)
    CAN_SCE_IRQHandler                       0x080005ed   Thumb Code     2  stm32f10x_it.o(.text)
    TIM1_BRK_IRQHandler                      0x080005ef   Thumb Code     2  stm32f10x_it.o(.text)
    TIM1_UP_IRQHandler                       0x080005f1   Thumb Code     2  stm32f10x_it.o(.text)
    TIM1_TRG_COM_IRQHandler                  0x080005f3   Thumb Code     2  stm32f10x_it.o(.text)
    TIM1_CC_IRQHandler                       0x080005f5   Thumb Code     2  stm32f10x_it.o(.text)
    TIM2_IRQHandler                          0x080005f7   Thumb Code     2  stm32f10x_it.o(.text)
    TIM3_IRQHandler                          0x080005f9   Thumb Code     2  stm32f10x_it.o(.text)
    TIM4_IRQHandler                          0x080005fb   Thumb Code     2  stm32f10x_it.o(.text)
    I2C1_EV_IRQHandler                       0x080005fd   Thumb Code     2  stm32f10x_it.o(.text)
    I2C1_ER_IRQHandler                       0x080005ff   Thumb Code     2  stm32f10x_it.o(.text)
    I2C2_EV_IRQHandler                       0x08000601   Thumb Code     2  stm32f10x_it.o(.text)
    I2C2_ER_IRQHandler                       0x08000603   Thumb Code     2  stm32f10x_it.o(.text)
    SPI1_IRQHandler                          0x08000605   Thumb Code     2  stm32f10x_it.o(.text)
    SPI2_IRQHandler                          0x08000607   Thumb Code     2  stm32f10x_it.o(.text)
    USART1_IRQHandler                        0x08000609   Thumb Code     2  stm32f10x_it.o(.text)
    USART2_IRQHandler                        0x0800060b   Thumb Code     2  stm32f10x_it.o(.text)
    USART3_IRQHandler                        0x0800060d   Thumb Code     2  stm32f10x_it.o(.text)
    EXTI15_10_IRQHandler                     0x0800060f   Thumb Code     2  stm32f10x_it.o(.text)
    RTCAlarm_IRQHandler                      0x08000611   Thumb Code     2  stm32f10x_it.o(.text)
    USBWakeUp_IRQHandler                     0x08000613   Thumb Code     2  stm32f10x_it.o(.text)
    TIM8_BRK_IRQHandler                      0x08000615   Thumb Code     2  stm32f10x_it.o(.text)
    TIM8_UP_IRQHandler                       0x08000617   Thumb Code     2  stm32f10x_it.o(.text)
    TIM8_TRG_COM_IRQHandler                  0x08000619   Thumb Code     2  stm32f10x_it.o(.text)
    TIM8_CC_IRQHandler                       0x0800061b   Thumb Code     2  stm32f10x_it.o(.text)
    ADC3_IRQHandler                          0x0800061d   Thumb Code     2  stm32f10x_it.o(.text)
    FSMC_IRQHandler                          0x0800061f   Thumb Code     2  stm32f10x_it.o(.text)
    SDIO_IRQHandler                          0x08000621   Thumb Code     2  stm32f10x_it.o(.text)
    TIM5_IRQHandler                          0x08000623   Thumb Code     2  stm32f10x_it.o(.text)
    SPI3_IRQHandler                          0x08000625   Thumb Code     2  stm32f10x_it.o(.text)
    UART4_IRQHandler                         0x08000627   Thumb Code     2  stm32f10x_it.o(.text)
    UART5_IRQHandler                         0x08000629   Thumb Code     2  stm32f10x_it.o(.text)
    TIM6_IRQHandler                          0x0800062b   Thumb Code     2  stm32f10x_it.o(.text)
    TIM7_IRQHandler                          0x0800062d   Thumb Code     2  stm32f10x_it.o(.text)
    DMA2_Channel1_IRQHandler                 0x0800062f   Thumb Code     2  stm32f10x_it.o(.text)
    DMA2_Channel2_IRQHandler                 0x08000631   Thumb Code     2  stm32f10x_it.o(.text)
    DMA2_Channel3_IRQHandler                 0x08000633   Thumb Code     2  stm32f10x_it.o(.text)
    EXTI9_5_IRQHandler                       0x08000635   Thumb Code    22  stm32f10x_it.o(.text)
    DMA2_Channel4_5_IRQHandler               0x0800064b   Thumb Code     2  stm32f10x_it.o(.text)
    ADS7843_CS_config                        0x0800064d   Thumb Code    40  touchscreen_ads7843.o(.text)
    _AD2X                                    0x080006ef   Thumb Code    40  touchscreen_ads7843.o(.text)
    _AD2Y                                    0x08000717   Thumb Code    42  touchscreen_ads7843.o(.text)
    SPI1_Init_For_Byte                       0x08000741   Thumb Code     2  touchscreen_ads7843.o(.text)
    SPI1_Config                              0x08000743   Thumb Code    68  touchscreen_ads7843.o(.text)
    ADS7843_Init                             0x08000787   Thumb Code    66  touchscreen_ads7843.o(.text)
    distence                                 0x0800099b   Thumb Code    30  touchscreen_ads7843.o(.text)
    TouchScreen_ADS7843                      0x080009b9   Thumb Code    62  touchscreen_ads7843.o(.text)
    NVIC_PriorityGroupConfig                 0x08000a05   Thumb Code    10  misc.o(.text)
    NVIC_Init                                0x08000a0f   Thumb Code   118  misc.o(.text)
    NVIC_SetVectorTable                      0x08000a85   Thumb Code    12  misc.o(.text)
    NVIC_SystemLPConfig                      0x08000a91   Thumb Code    38  misc.o(.text)
    SysTick_CLKSourceConfig                  0x08000ab7   Thumb Code    40  misc.o(.text)
    RCC_DeInit                               0x08000afd   Thumb Code    64  stm32f10x_rcc.o(.text)
    RCC_HSEConfig                            0x08000b3d   Thumb Code    70  stm32f10x_rcc.o(.text)
    RCC_GetFlagStatus                        0x08000b83   Thumb Code    56  stm32f10x_rcc.o(.text)
    RCC_WaitForHSEStartUp                    0x08000bbb   Thumb Code    48  stm32f10x_rcc.o(.text)
    RCC_AdjustHSICalibrationValue            0x08000beb   Thumb Code    20  stm32f10x_rcc.o(.text)
    RCC_HSICmd                               0x08000bff   Thumb Code     6  stm32f10x_rcc.o(.text)
    RCC_PLLConfig                            0x08000c05   Thumb Code    24  stm32f10x_rcc.o(.text)
    RCC_PLLCmd                               0x08000c1d   Thumb Code     6  stm32f10x_rcc.o(.text)
    RCC_SYSCLKConfig                         0x08000c23   Thumb Code    18  stm32f10x_rcc.o(.text)
    RCC_GetSYSCLKSource                      0x08000c35   Thumb Code    10  stm32f10x_rcc.o(.text)
    RCC_HCLKConfig                           0x08000c3f   Thumb Code    18  stm32f10x_rcc.o(.text)
    RCC_PCLK1Config                          0x08000c51   Thumb Code    18  stm32f10x_rcc.o(.text)
    RCC_PCLK2Config                          0x08000c63   Thumb Code    20  stm32f10x_rcc.o(.text)
    RCC_ITConfig                             0x08000c77   Thumb Code    30  stm32f10x_rcc.o(.text)
    RCC_USBCLKConfig                         0x08000c95   Thumb Code     6  stm32f10x_rcc.o(.text)
    RCC_ADCCLKConfig                         0x08000c9b   Thumb Code    18  stm32f10x_rcc.o(.text)
    RCC_LSEConfig                            0x08000cad   Thumb Code    44  stm32f10x_rcc.o(.text)
    RCC_LSICmd                               0x08000cd9   Thumb Code     6  stm32f10x_rcc.o(.text)
    RCC_RTCCLKConfig                         0x08000cdf   Thumb Code    12  stm32f10x_rcc.o(.text)
    RCC_RTCCLKCmd                            0x08000ceb   Thumb Code     6  stm32f10x_rcc.o(.text)
    RCC_GetClocksFreq                        0x08000cf1   Thumb Code   192  stm32f10x_rcc.o(.text)
    RCC_AHBPeriphClockCmd                    0x08000db1   Thumb Code    26  stm32f10x_rcc.o(.text)
    RCC_APB2PeriphClockCmd                   0x08000dcb   Thumb Code    26  stm32f10x_rcc.o(.text)
    RCC_APB1PeriphClockCmd                   0x08000de5   Thumb Code    26  stm32f10x_rcc.o(.text)
    RCC_APB2PeriphResetCmd                   0x08000dff   Thumb Code    26  stm32f10x_rcc.o(.text)
    RCC_APB1PeriphResetCmd                   0x08000e19   Thumb Code    26  stm32f10x_rcc.o(.text)
    RCC_BackupResetCmd                       0x08000e33   Thumb Code     6  stm32f10x_rcc.o(.text)
    RCC_ClockSecuritySystemCmd               0x08000e39   Thumb Code     6  stm32f10x_rcc.o(.text)
    RCC_MCOConfig                            0x08000e3f   Thumb Code     6  stm32f10x_rcc.o(.text)
    RCC_ClearFlag                            0x08000e45   Thumb Code    14  stm32f10x_rcc.o(.text)
    RCC_GetITStatus                          0x08000e53   Thumb Code    20  stm32f10x_rcc.o(.text)
    RCC_ClearITPendingBit                    0x08000e67   Thumb Code     6  stm32f10x_rcc.o(.text)
    GPIO_DeInit                              0x08000ea1   Thumb Code   172  stm32f10x_gpio.o(.text)
    GPIO_AFIODeInit                          0x08000f4d   Thumb Code    20  stm32f10x_gpio.o(.text)
    GPIO_Init                                0x08000f61   Thumb Code   274  stm32f10x_gpio.o(.text)
    GPIO_StructInit                          0x08001073   Thumb Code    16  stm32f10x_gpio.o(.text)
    GPIO_ReadInputDataBit                    0x08001083   Thumb Code    18  stm32f10x_gpio.o(.text)
    GPIO_ReadInputData                       0x08001095   Thumb Code     8  stm32f10x_gpio.o(.text)
    GPIO_ReadOutputDataBit                   0x0800109d   Thumb Code    18  stm32f10x_gpio.o(.text)
    GPIO_ReadOutputData                      0x080010af   Thumb Code     8  stm32f10x_gpio.o(.text)
    GPIO_SetBits                             0x080010b7   Thumb Code     4  stm32f10x_gpio.o(.text)
    GPIO_ResetBits                           0x080010bb   Thumb Code     4  stm32f10x_gpio.o(.text)
    GPIO_WriteBit                            0x080010bf   Thumb Code    10  stm32f10x_gpio.o(.text)
    GPIO_Write                               0x080010c9   Thumb Code     4  stm32f10x_gpio.o(.text)
    GPIO_PinLockConfig                       0x080010cd   Thumb Code    18  stm32f10x_gpio.o(.text)
    GPIO_EventOutputConfig                   0x080010df   Thumb Code    26  stm32f10x_gpio.o(.text)
    GPIO_EventOutputCmd                      0x080010f9   Thumb Code     6  stm32f10x_gpio.o(.text)
    GPIO_PinRemapConfig                      0x080010ff   Thumb Code   138  stm32f10x_gpio.o(.text)
    GPIO_EXTILineConfig                      0x08001189   Thumb Code    66  stm32f10x_gpio.o(.text)
    GPIO_ETH_MediaInterfaceConfig            0x080011cb   Thumb Code     6  stm32f10x_gpio.o(.text)
    FSMC_NORSRAMDeInit                       0x080011f9   Thumb Code    56  stm32f10x_fsmc.o(.text)
    FSMC_NANDDeInit                          0x08001231   Thumb Code    62  stm32f10x_fsmc.o(.text)
    FSMC_PCCARDDeInit                        0x0800126f   Thumb Code    40  stm32f10x_fsmc.o(.text)
    FSMC_NORSRAMInit                         0x08001297   Thumb Code   224  stm32f10x_fsmc.o(.text)
    FSMC_NANDInit                            0x08001377   Thumb Code   130  stm32f10x_fsmc.o(.text)
    FSMC_PCCARDInit                          0x080013f9   Thumb Code   124  stm32f10x_fsmc.o(.text)
    FSMC_NORSRAMStructInit                   0x08001475   Thumb Code   114  stm32f10x_fsmc.o(.text)
    FSMC_NANDStructInit                      0x080014e7   Thumb Code    54  stm32f10x_fsmc.o(.text)
    FSMC_PCCARDStructInit                    0x0800151d   Thumb Code    60  stm32f10x_fsmc.o(.text)
    FSMC_NORSRAMCmd                          0x08001559   Thumb Code    46  stm32f10x_fsmc.o(.text)
    FSMC_NANDCmd                             0x08001587   Thumb Code    86  stm32f10x_fsmc.o(.text)
    FSMC_PCCARDCmd                           0x080015dd   Thumb Code    40  stm32f10x_fsmc.o(.text)
    FSMC_NANDECCCmd                          0x08001605   Thumb Code   118  stm32f10x_fsmc.o(.text)
    FSMC_GetECC                              0x0800167b   Thumb Code    22  stm32f10x_fsmc.o(.text)
    FSMC_ITConfig                            0x08001691   Thumb Code   128  stm32f10x_fsmc.o(.text)
    FSMC_GetFlagStatus                       0x08001711   Thumb Code    48  stm32f10x_fsmc.o(.text)
    FSMC_ClearFlag                           0x08001741   Thumb Code    62  stm32f10x_fsmc.o(.text)
    FSMC_GetITStatus                         0x0800177f   Thumb Code    60  stm32f10x_fsmc.o(.text)
    FSMC_ClearITPendingBit                   0x080017bb   Thumb Code    64  stm32f10x_fsmc.o(.text)
    FLASH_SetLatency                         0x08001811   Thumb Code    18  stm32f10x_flash.o(.text)
    FLASH_HalfCycleAccessCmd                 0x08001823   Thumb Code    22  stm32f10x_flash.o(.text)
    FLASH_PrefetchBufferCmd                  0x08001839   Thumb Code    22  stm32f10x_flash.o(.text)
    FLASH_Unlock                             0x0800184f   Thumb Code    12  stm32f10x_flash.o(.text)
    FLASH_UnlockBank1                        0x0800185b   Thumb Code    12  stm32f10x_flash.o(.text)
    FLASH_Lock                               0x08001867   Thumb Code    14  stm32f10x_flash.o(.text)
    FLASH_LockBank1                          0x08001875   Thumb Code    14  stm32f10x_flash.o(.text)
    FLASH_GetBank1Status                     0x08001883   Thumb Code    50  stm32f10x_flash.o(.text)
    FLASH_WaitForLastOperation               0x080018b5   Thumb Code    38  stm32f10x_flash.o(.text)
    FLASH_ErasePage                          0x080018db   Thumb Code    72  stm32f10x_flash.o(.text)
    FLASH_EraseAllPages                      0x08001923   Thumb Code    68  stm32f10x_flash.o(.text)
    FLASH_WaitForLastBank1Operation          0x08001967   Thumb Code    38  stm32f10x_flash.o(.text)
    FLASH_EraseAllBank1Pages                 0x0800198d   Thumb Code    68  stm32f10x_flash.o(.text)
    FLASH_GetReadOutProtectionStatus         0x080019d1   Thumb Code    20  stm32f10x_flash.o(.text)
    FLASH_EraseOptionBytes                   0x080019e5   Thumb Code   152  stm32f10x_flash.o(.text)
    FLASH_ProgramWord                        0x08001a7d   Thumb Code    96  stm32f10x_flash.o(.text)
    FLASH_ProgramHalfWord                    0x08001add   Thumb Code    60  stm32f10x_flash.o(.text)
    FLASH_ProgramOptionByteData              0x08001b19   Thumb Code    72  stm32f10x_flash.o(.text)
    FLASH_EnableWriteProtection              0x08001b61   Thumb Code   208  stm32f10x_flash.o(.text)
    FLASH_ReadOutProtection                  0x08001c31   Thumb Code   156  stm32f10x_flash.o(.text)
    FLASH_UserOptionByteConfig               0x08001ccd   Thumb Code    88  stm32f10x_flash.o(.text)
    FLASH_GetUserOptionByte                  0x08001d25   Thumb Code     8  stm32f10x_flash.o(.text)
    FLASH_GetWriteProtectionOptionByte       0x08001d2d   Thumb Code     6  stm32f10x_flash.o(.text)
    FLASH_GetPrefetchBufferStatus            0x08001d33   Thumb Code    20  stm32f10x_flash.o(.text)
    FLASH_ITConfig                           0x08001d47   Thumb Code    26  stm32f10x_flash.o(.text)
    FLASH_GetFlagStatus                      0x08001d61   Thumb Code    42  stm32f10x_flash.o(.text)
    FLASH_ClearFlag                          0x08001d8b   Thumb Code     6  stm32f10x_flash.o(.text)
    FLASH_GetStatus                          0x08001d91   Thumb Code    50  stm32f10x_flash.o(.text)
    EXTI_DeInit                              0x08001dd9   Thumb Code    30  stm32f10x_exti.o(.text)
    EXTI_Init                                0x08001df7   Thumb Code   160  stm32f10x_exti.o(.text)
    EXTI_StructInit                          0x08001e97   Thumb Code    16  stm32f10x_exti.o(.text)
    EXTI_GenerateSWInterrupt                 0x08001ea7   Thumb Code    16  stm32f10x_exti.o(.text)
    EXTI_GetFlagStatus                       0x08001eb7   Thumb Code    20  stm32f10x_exti.o(.text)
    EXTI_ClearFlag                           0x08001ecb   Thumb Code     6  stm32f10x_exti.o(.text)
    EXTI_GetITStatus                         0x08001ed1   Thumb Code    34  stm32f10x_exti.o(.text)
    EXTI_ClearITPendingBit                   0x08001ef3   Thumb Code     6  stm32f10x_exti.o(.text)
    RCC_Configuration                        0x08001f15   Thumb Code   106  systemclock.o(.text)
    Delay                                    0x08001f81   Thumb Code    96  systick.o(.text)
    Systick_IRQ                              0x08001fe1   Thumb Code    18  systick.o(.text)
    LCD_WriteRAM                             0x08002005   Thumb Code     8  lcd.o(.text)
    LCD_WriteRAM_Prepare                     0x0800200d   Thumb Code    10  lcd.o(.text)
    LCD_WriteReg                             0x08002017   Thumb Code    10  lcd.o(.text)
    LCD_SetCursor                            0x08002021   Thumb Code    66  lcd.o(.text)
    LCD_SetPoint                             0x08002063   Thumb Code    42  lcd.o(.text)
    LCD_PutChar                              0x0800208d   Thumb Code   108  lcd.o(.text)
    LCD_DisplayStringLine                    0x080020f9   Thumb Code    72  lcd.o(.text)
    LCD_BGR2RGB                              0x08002141   Thumb Code    26  lcd.o(.text)
    LCD_ReadReg                              0x0800215b   Thumb Code    18  lcd.o(.text)
    LCD_FSMCConfig                           0x0800216d   Thumb Code    86  lcd.o(.text)
    LCD_CtrlLinesConfig                      0x080021c3   Thumb Code   142  lcd.o(.text)
    STM3210E_LCD_Init                        0x08002251   Thumb Code  1292  lcd.o(.text)
    LCD_Clear                                0x0800275d   Thumb Code    50  lcd.o(.text)
    LCD_Clear_Part                           0x0800278f   Thumb Code    72  lcd.o(.text)
    LCD_SetDisplayWindow                     0x080027d7   Thumb Code    54  lcd.o(.text)
    ShowOneChinese                           0x0800280d   Thumb Code   124  lcd.o(.text)
    DrawHengLine                             0x08002889   Thumb Code    38  lcd.o(.text)
    DrawShuLine                              0x080028af   Thumb Code    40  lcd.o(.text)
    DrawPoint                                0x080028d7   Thumb Code    20  lcd.o(.text)
    DrawRectangle                            0x080028eb   Thumb Code   132  lcd.o(.text)
    DrawRectangles                           0x0800296f   Thumb Code   136  lcd.o(.text)
    ShowLineChinese                          0x080029f7   Thumb Code    64  lcd.o(.text)
    ShowOneNumber                            0x08002a37   Thumb Code   124  lcd.o(.text)
    ShowNumber                               0x08002ab3   Thumb Code    54  lcd.o(.text)
    RunTime                                  0x08002ae9   Thumb Code   110  lcd.o(.text)
    LCD_WriteBMP                             0x08002b57   Thumb Code    98  lcd.o(.text)
    ShowMouse                                0x08002bb9   Thumb Code    24  lcd.o(.text)
    DrawMouse                                0x08002bd1   Thumb Code   126  lcd.o(.text)
    ClearMouse                               0x08002c4f   Thumb Code   198  lcd.o(.text)
    isClicked                                0x08002d15   Thumb Code   214  lcd.o(.text)
    getScore                                 0x08002deb   Thumb Code    82  lcd.o(.text)
    GameStart                                0x08002e3d   Thumb Code    88  lcd.o(.text)
    GameEnd                                  0x08002e95   Thumb Code   114  lcd.o(.text)
    GameHelp                                 0x08002f07   Thumb Code    70  lcd.o(.text)
    LCD_ReadRAM                              0x08002f4d   Thumb Code    14  lcd.o(.text)
    LCD_PowerOn                              0x08002f5b   Thumb Code   118  lcd.o(.text)
    LCD_DisplayOn                            0x08002fd1   Thumb Code    14  lcd.o(.text)
    LCD_DisplayOff                           0x08002fdf   Thumb Code    12  lcd.o(.text)
    rand                                     0x08002fed   Thumb Code    20  rand.o(.text)
    srand                                    0x08003001   Thumb Code     6  rand.o(.text)
    __aeabi_dadd                             0x08003011   Thumb Code   318  dadd.o(.text)
    __aeabi_dsub                             0x0800314f   Thumb Code     6  dadd.o(.text)
    __aeabi_drsub                            0x08003155   Thumb Code     6  dadd.o(.text)
    __aeabi_d2iz                             0x0800315b   Thumb Code    62  dfixi.o(.text)
    __aeabi_cdcmpeq                          0x08003199   Thumb Code     0  cdcmple.o(.text)
    __aeabi_cdcmple                          0x08003199   Thumb Code    38  cdcmple.o(.text)
    __aeabi_llsl                             0x080031c1   Thumb Code    30  llshl.o(.text)
    _ll_shift_l                              0x080031c1   Thumb Code     0  llshl.o(.text)
    __aeabi_llsr                             0x080031df   Thumb Code    32  llushr.o(.text)
    _ll_ushift_r                             0x080031df   Thumb Code     0  llushr.o(.text)
    __aeabi_lasr                             0x080031ff   Thumb Code    36  llsshr.o(.text)
    _ll_sshift_r                             0x080031ff   Thumb Code     0  llsshr.o(.text)
    __I$use$fp                               0x08003223   Thumb Code     0  iusefp.o(.text)
    _double_round                            0x08003223   Thumb Code    26  depilogue.o(.text)
    _double_epilogue                         0x0800323d   Thumb Code   168  depilogue.o(.text)
    __scatterload                            0x080032e5   Thumb Code    28  init.o(.text)
    __scatterload_rt2                        0x080032e5   Thumb Code     0  init.o(.text)
    __decompress                             0x08003309   Thumb Code     0  __dclz77c.o(.text)
    __decompress2                            0x08003309   Thumb Code    96  __dclz77c.o(.text)
    __scatterload_copy                       0x08003369   Thumb Code    14  handlers.o(i.__scatterload_copy)
    __scatterload_null                       0x08003377   Thumb Code     2  handlers.o(i.__scatterload_null)
    __scatterload_zeroinit                   0x08003379   Thumb Code    14  handlers.o(i.__scatterload_zeroinit)
    ASCII_Table                              0x08003386   Data        4080  lcd.o(.constdata)
    gImage_11                                0x08004376   Data        5712  bmp.o(.constdata)
    gImage_22                                0x080059c6   Data        6600  bmp.o(.constdata)
    gImage_33                                0x0800738e   Data        6720  bmp.o(.constdata)
    Region$$Table$$Base                      0x08008dd0   Number         0  anon$$obj.o(Region$$Table)
    Region$$Table$$Limit                     0x08008df0   Number         0  anon$$obj.o(Region$$Table)
    SystemCoreClock                          0x20000000   Data           4  system_stm32f10x.o(.data)
    AHBPrescTable                            0x20000004   Data          16  system_stm32f10x.o(.data)
    x                                        0x20000018   Data           4  main.o(.data)
    y                                        0x2000001c   Data           4  main.o(.data)
    x2                                       0x20000020   Data           4  main.o(.data)
    y2                                       0x20000024   Data           4  main.o(.data)
    times                                    0x20000028   Data           8  main.o(.data)
    temp                                     0x20000030   Data           4  main.o(.data)
    i                                        0x20000034   Data           4  main.o(.data)
    score                                    0x20000038   Data           4  main.o(.data)
    j                                        0x2000003c   Data           4  main.o(.data)
    count                                    0x20000040   Data           4  main.o(.data)
    srand_seed                               0x20000044   Data           4  main.o(.data)
    touch_x                                  0x20000048   Data           4  main.o(.data)
    touch_y                                  0x2000004c   Data           4  main.o(.data)
    Chinese_Table                            0x20000068   Data        1376  lcd.o(.data)
    Number_Table                             0x200005c8   Data         320  lcd.o(.data)
    DeviceCode                               0x2000070c   Data           2  lcd.o(.data)
    touchPoint                               0x20000714   Data          12  touchscreen_ads7843.o(.bss)
    __initial_sp                             0x20000b20   Data           0  startup_stm32f10x_hd.o(STACK)



==============================================================================

Memory Map of the image

  Image Entry point : 0x08000131

  Load Region LR_IROM1 (Base: 0x08000000, Size: 0x00009504, Max: 0x00080000, ABSOLUTE, COMPRESSED[0x00009260])

    Execution Region ER_IROM1 (Base: 0x08000000, Size: 0x00008df0, Max: 0x00080000, ABSOLUTE)

    Base Addr    Size         Type   Attr      Idx    E Section Name        Object

    0x08000000   0x00000130   Data   RO            3    RESET               startup_stm32f10x_hd.o
    0x08000130   0x00000000   Code   RO          382  * .ARM.Collect$$$$00000000  mc_w.l(entry.o)(mc_w.l)
    0x08000130   0x00000004   Code   RO          394    .ARM.Collect$$$$00000001  mc_w.l(entry2.o)(mc_w.l)
    0x08000134   0x00000004   Code   RO          397    .ARM.Collect$$$$00000004  mc_w.l(entry5.o)(mc_w.l)
    0x08000138   0x00000008   Code   RO          398    .ARM.Collect$$$$00000007  mc_w.l(entry7.o)(mc_w.l)
    0x08000140   0x00000004   Code   RO          395    .ARM.Collect$$$$00002712  mc_w.l(entry2.o)(mc_w.l)
    0x08000144   0x00000024   Code   RO            4    .text               startup_stm32f10x_hd.o
    0x08000168   0x000001c8   Code   RO           24    .text               system_stm32f10x.o
    0x08000330   0x00000270   Code   RO          121    .text               main.o
    0x080005a0   0x000000ac   Code   RO          185    .text               stm32f10x_it.o
    0x0800064c   0x000003b8   Code   RO          200    .text               touchscreen_ads7843.o
    0x08000a04   0x000000f8   Code   RO          215    .text               misc.o
    0x08000afc   0x000003a4   Code   RO          227    .text               stm32f10x_rcc.o
    0x08000ea0   0x00000358   Code   RO          241    .text               stm32f10x_gpio.o
    0x080011f8   0x00000618   Code   RO          265    .text               stm32f10x_fsmc.o
    0x08001810   0x000005c8   Code   RO          277    .text               stm32f10x_flash.o
    0x08001dd8   0x0000013c   Code   RO          301    .text               stm32f10x_exti.o
    0x08001f14   0x0000006a   Code   RO          313    .text               systemclock.o
    0x08001f7e   0x00000002   PAD
    0x08001f80   0x00000084   Code   RO          337    .text               systick.o
    0x08002004   0x00000fe6   Code   RO          355    .text               lcd.o
    0x08002fea   0x00000002   PAD
    0x08002fec   0x00000024   Code   RO          385    .text               mc_w.l(rand.o)(mc_w.l)
    0x08003010   0x0000014a   Code   RO          388    .text               mf_w.l(dadd.o)(mf_w.l)
    0x0800315a   0x0000003e   Code   RO          390    .text               mf_w.l(dfixi.o)(mf_w.l)
    0x08003198   0x00000028   Code   RO          392    .text               mf_w.l(cdcmple.o)(mf_w.l)
    0x080031c0   0x0000001e   Code   RO          399    .text               mc_w.l(llshl.o)(mc_w.l)
    0x080031de   0x00000020   Code   RO          401    .text               mc_w.l(llushr.o)(mc_w.l)
    0x080031fe   0x00000024   Code   RO          403    .text               mc_w.l(llsshr.o)(mc_w.l)
    0x08003222   0x00000000   Code   RO          405    .text               mc_w.l(iusefp.o)(mc_w.l)
    0x08003222   0x000000c2   Code   RO          406    .text               mf_w.l(depilogue.o)(mf_w.l)
    0x080032e4   0x00000024   Code   RO          408    .text               mc_w.l(init.o)(mc_w.l)
    0x08003308   0x00000060   Code   RO          418    .text               mc_w.l(__dclz77c.o)(mc_w.l)
    0x08003368   0x0000000e   Code   RO          412    i.__scatterload_copy  mc_w.l(handlers.o)(mc_w.l)
    0x08003376   0x00000002   Code   RO          413    i.__scatterload_null  mc_w.l(handlers.o)(mc_w.l)
    0x08003378   0x0000000e   Code   RO          414    i.__scatterload_zeroinit  mc_w.l(handlers.o)(mc_w.l)
    0x08003386   0x00000ff0   Data   RO          356    .constdata          lcd.o
    0x08004376   0x00004a58   Data   RO          375    .constdata          bmp.o
    0x08008dce   0x00000002   PAD
    0x08008dd0   0x00000020   Data   RO          410    Region$$Table       anon$$obj.o


    Execution Region RW_IRAM1 (Base: 0x20000000, Size: 0x00000b20, Max: 0x00010000, ABSOLUTE, COMPRESSED[0x00000470])

    Base Addr    Size         Type   Attr      Idx    E Section Name        Object

    0x20000000   0x00000014   Data   RW           25    .data               system_stm32f10x.o
    0x20000014   0x00000004   PAD
    0x20000018   0x00000038   Data   RW          122    .data               main.o
    0x20000050   0x00000014   Data   RW          228    .data               stm32f10x_rcc.o
    0x20000064   0x00000004   Data   RW          338    .data               systick.o
    0x20000068   0x000006a6   Data   RW          357    .data               lcd.o
    0x2000070e   0x00000002   PAD
    0x20000710   0x00000004   Data   RW          386    .data               mc_w.l(rand.o)(mc_w.l)
    0x20000714   0x0000000c   Zero   RW          201    .bss                touchscreen_ads7843.o
    0x20000720   0x00000400   Zero   RW            1    STACK               startup_stm32f10x_hd.o


==============================================================================

Image component sizes


      Code (inc. data)   RO Data    RW Data    ZI Data      Debug   Object Name

         0          0      19032          0          0          0   bmp.o
         0          0          0          0          0          0   core_cm3.o
      4070         78       4080       1702          0          0   lcd.o
       624         60          0         56          0          0   main.o
       248         30          0          0          0          0   misc.o
        36          8        304          0       1024          0   startup_stm32f10x_hd.o
       316         28          0          0          0          0   stm32f10x_exti.o
      1480         52          0          0          0          0   stm32f10x_flash.o
      1560         54          0          0          0          0   stm32f10x_fsmc.o
       856         40          0          0          0          0   stm32f10x_gpio.o
       172          0          0          0          0          0   stm32f10x_it.o
       932         52          0         20          0          0   stm32f10x_rcc.o
       456         36          0         20          0          0   system_stm32f10x.o
       106          0          0          0          0          0   systemclock.o
       132         18          0          4          0          0   systick.o
       952         14          0          0         12          0   touchscreen_ads7843.o

    ----------------------------------------------------------------------
     11944        470      23450       1808       1036          0   Object Totals
         0          0         32          0          0          0   (incl. Generated)
         4          0          2          6          0          1   (incl. Padding)

    ----------------------------------------------------------------------

      Code (inc. data)   RO Data    RW Data    ZI Data      Debug   Library Member Name

        96          0          0          0          0          0   __dclz77c.o
         0          0          0          0          0          0   entry.o
         8          4          0          0          0          0   entry2.o
         4          0          0          0          0          0   entry5.o
         8          4          0          0          0          0   entry7.o
        30          0          0          0          0          0   handlers.o
        36          8          0          0          0          0   init.o
         0          0          0          0          0          0   iusefp.o
        30          0          0          0          0          0   llshl.o
        36          0          0          0          0          0   llsshr.o
        32          0          0          0          0          0   llushr.o
        36         10          0          4          0          0   rand.o
        40          2          0          0          0          0   cdcmple.o
       330          0          0          0          0          0   dadd.o
       194          0          0          0          0          0   depilogue.o
        62          0          0          0          0          0   dfixi.o

    ----------------------------------------------------------------------
       942         28          0          4          0          0   Library Totals
         0          0          0          0          0          0   (incl. Padding)

    ----------------------------------------------------------------------

      Code (inc. data)   RO Data    RW Data    ZI Data      Debug   Library Name

       316         26          0          4          0        408   mc_w.l
       626          2          0          0          0        480   mf_w.l

    ----------------------------------------------------------------------
       942         28          0          4          0          0   Library Totals

    ----------------------------------------------------------------------

==============================================================================


      Code (inc. data)   RO Data    RW Data    ZI Data      Debug   

     12886        498      23450       1812       1036     323232   Grand Totals
     12886        498      23450       1136       1036     323232   ELF Image Totals (compressed)
     12886        498      23450       1136          0          0   ROM Totals

==============================================================================

    Total RO  Size (Code + RO Data)                36336 (  35.48kB)
    Total RW  Size (RW Data + ZI Data)              2848 (   2.78kB)
    Total ROM Size (Code + RO Data + RW Data)      37472 (  36.59kB)

==============================================================================

